// Jest Snapshot v1, https://goo.gl/fbAQLP

exports[`html-generator generateHtml should match snapshot 1`] = `
"<!DOCTYPE html>
<html lang="en">
<head>
    <meta charset="UTF-8">
    <title>Tracker Price - West Midlands</title>
    <style>
        body {
            font-family: "Helvetica Neue", Helvetica, Arial, sans-serif;
            background-color: #080808;
            margin: 0;
            padding: 0;
        }
        table {
            margin: 10px auto;
            border-collapse: collapse;
        }
        th, td {
            padding: 0.4vw 3vw;
            text-align: center;
            font-size: 8vw;
            color: #F7F7F7;
        }
        .last-update {
            font-size: 6vw;
            color: #878787;
            text-align: center;
        }
        .region {
            display: flex;
            flex-direction: row;
            justify-content: center;
            font-size: 4vw;
            color: #878787;
            text-align: center;
        }
        .expander {
            width: 1.5em;
        }
        a {
            text-decoration: none;
        }
        .region-link {
            font-size: 4vw;
            color: #878787;
            text-align: center;
        }

        @media screen and (min-width: 1200px) {
            th, td {
                padding: 4.8px 36px;
                font-size: 96px;
            }
            .last-update {
                font-size: 72px;
            }
            .region {
                font-size: 48px;
            }
            .region-link {
                font-size: 48px;
            }
        }

        .region-selector {
            list-style-type: none;
            margin: 0;
            padding: 0;
            display: none;
        }

        .region-selector li {
            position: relative;
        }
    </style>
    <script src="https://code.jquery.com/jquery-3.7.1.min.js"></script>
    <script>
        $(document).ready(function() {
            $('.region').on("click", function() {
                const expander = $('.expander');
                expander.html(expander.text() === '⏶' ? '⏷' : '⏶');
                $(".region-selector").slideToggle(100);
            });
        });
    </script>
</head>
<body>
<table>
    <thead>
    <tr>
        <th></th>
        <th>⚡️</th>
        <th>🔥</th>
    </tr>
    </thead>
    <tbody>
        <tr>
            <td>10/07</td>
            <td>
                    1.0p
            </td>
            <td>
                    2.0p
            </td>
        </tr>
        <tr>
            <td>11/07</td>
            <td>
                    3.0p
            </td>
            <td>
                    4.0p
            </td>
        </tr>
        <tr>
            <td>12/07</td>
            <td>
                    5.0p
            </td>
            <td>
            </td>
        </tr>
    </tbody>
</table>
<div class="last-update">20/11, 12:34</div>
<div class="region">
    <div>West Midlands</div>
    <div class="expander">&#x23f7</div>
</div>
<ul class="region-selector">
    <li>
        <a href="./eastern_england.html"><div class="region-link">Eastern England</div></a>
        <a href="./east_midlands.html"><div class="region-link">East Midlands</div></a>
        <a href="./london.html"><div class="region-link">London</div></a>
        <a href="./merseyside_and_northern_wales.html"><div class="region-link">Merseyside and Northern Wales</div></a>
        <a href="./north_eastern_england.html"><div class="region-link">North Eastern England</div></a>
        <a href="./north_western_england.html"><div class="region-link">North Western England</div></a>
        <a href="./southern_england.html"><div class="region-link">Southern England</div></a>
        <a href="./south_eastern_england.html"><div class="region-link">South Eastern England</div></a>
        <a href="./southern_wales.html"><div class="region-link">Southern Wales</div></a>
        <a href="./south_western_england.html"><div class="region-link">South Western England</div></a>
        <a href="./yorkshire.html"><div class="region-link">Yorkshire</div></a>
        <a href="./southern_scotland.html"><div class="region-link">Southern Scotland</div></a>
        <a href="./northern_scotland.html"><div class="region-link">Northern Scotland</div></a>
    </li>
</ul>
</body>
</html>
"
`;
