// Jest Snapshot v1, https://goo.gl/fbAQLP

exports[`html-generator generateHtml should match snapshot 1`] = `
"<!DOCTYPE html>
<html lang="en">
<head>
    <meta charset="UTF-8">
    <title>Tracker Price - West Midlands</title>
    <style>
        body {
            font-family: "Helvetica Neue", Helvetica, Arial, sans-serif;
            background-color: #080808;
            margin: 0;
            padding: 0;
        }
        table {
            margin: 10px auto;
            border-collapse: collapse;
        }
        th, td {
            padding: 0.4vw 3vw;
            text-align: center;
            font-size: 8vw;
            color: #F7F7F7;
        }
        .last-update {
            font-size: 6vw;
            color: #878787;
            text-align: center;
        }

        .menu-toggle {
            position: absolute;
            padding: 0 2vw;
            background: none;
            border: none;
            color: #AAAAAA;
            font-size: 5vw;
            cursor: pointer;
            z-index: 200;
        }
        .menu-container {
            position: absolute;
            top: 0;
            width: 50%;
            min-height: 100%;
            background-color: #222222;
            padding: 8vw 2vw 1vw;
            box-sizing: border-box;
            z-index: 100;
            transition: left 0.3s ease;
            left: -50%;
            color: #F7F7F7;
            font-size: 3vw;
        }
        .menu-container.open {
            left: 0;
        }
        .menu-section {
            font-weight: bold;
            border-bottom: #878787 0.5vw solid;
            padding: 1vw 1vw;
        }
        .menu {
            list-style-type: none;
            padding: 0;
            margin: 0;
        }
        .menu li {
            padding: 1vw 2vw;
        }
        .menu li.selected {
            background: #444444;
        }
        .menu a {
            color: #F7F7F7;
            text-decoration: none;
        }

        @media screen and (min-width: 1200px) {
            th, td {
                padding: 4.8px 36px;
                font-size: 96px;
            }
            .last-update {
                font-size: 72px;
            }
            .menu-toggle {
                font-size: 60px;
                padding: 0 24px;
            }
            .menu-container {
                font-size: 36px;
                width: 600px;
                left: -600px;
                padding: 96px 24px 12px;
            }
            .menu-section {
                padding: 12px 12px;
                border-bottom: #878787 6px solid;
            }
            .menu li {
                padding: 12px 24px;
            }
        }
    </style>
    <script>
        document.addEventListener('DOMContentLoaded', function() {
            const menuToggle = document.querySelector('.menu-toggle');
            const menu = document.querySelector('.menu-container');

            menuToggle.addEventListener('click', function() {
                menu.classList.toggle('open');
            });
        });
    </script>
</head>
<body>
<button class="menu-toggle">&#9776;</button>
<div class="menu-container">
    <div class="menu-section">Tracker Tariff</div>
    <ul class="menu">
        <li class="selected">November 2022 v1</li>
            <li><a href="../SILVER-23-12-06/west_midlands.html">December 2023 v1</a></li>
    </ul>
    <div class="menu-section">Region</div>
    <ul class="menu">
        <li class="selected">West Midlands</li>
            <li><a href="../SILVER-FLEX-22-11-25/eastern_england.html">Eastern England</a></li>
            <li><a href="../SILVER-FLEX-22-11-25/east_midlands.html">East Midlands</a></li>
            <li><a href="../SILVER-FLEX-22-11-25/london.html">London</a></li>
            <li><a href="../SILVER-FLEX-22-11-25/merseyside_and_northern_wales.html">Merseyside and Northern Wales</a></li>
            <li><a href="../SILVER-FLEX-22-11-25/north_eastern_england.html">North Eastern England</a></li>
            <li><a href="../SILVER-FLEX-22-11-25/north_western_england.html">North Western England</a></li>
            <li><a href="../SILVER-FLEX-22-11-25/southern_england.html">Southern England</a></li>
            <li><a href="../SILVER-FLEX-22-11-25/south_eastern_england.html">South Eastern England</a></li>
            <li><a href="../SILVER-FLEX-22-11-25/southern_wales.html">Southern Wales</a></li>
            <li><a href="../SILVER-FLEX-22-11-25/south_western_england.html">South Western England</a></li>
            <li><a href="../SILVER-FLEX-22-11-25/yorkshire.html">Yorkshire</a></li>
            <li><a href="../SILVER-FLEX-22-11-25/southern_scotland.html">Southern Scotland</a></li>
            <li><a href="../SILVER-FLEX-22-11-25/northern_scotland.html">Northern Scotland</a></li>
    </ul>
    <div class="menu-section">Useful Links</div>
    <ul class="menu">
        <li><a href="https://www.nationalgrid.co.uk/our-network/distribution-area-search">Find my region</a></li>
        <li><a href="https://play.google.com/store/apps/details?id=com.binarysmith.webclipwidget.ad&hl=en&gl=US">Create a widget in Android</a></li>
        <li><a href="https://apps.apple.com/us/app/glimpse-2/id1524217845">Create a widget in iPhone</a></li>
    </ul>
</div>

<table>
    <thead>
    <tr>
        <th></th>
        <th>⚡️</th>
        <th>🔥</th>
    </tr>
    </thead>
    <tbody>
        <tr>
            <td>10/07</td>
            <td>
                    1.0p
            </td>
            <td>
                    2.0p
            </td>
        </tr>
        <tr>
            <td>11/07</td>
            <td>
                    3.0p
            </td>
            <td>
                    4.0p
            </td>
        </tr>
        <tr>
            <td>12/07</td>
            <td>
                    5.0p
            </td>
            <td>
            </td>
        </tr>
    </tbody>
</table>
<div class="last-update">20/11, 12:34</div>
</body>
</html>
"
`;
